--------------------
RUN TIME: 24/04/2023 - 01:15:29
VAX INFORMATION

Name: Final vax Graph
Type: Graph
Number of nodes: 39604
Number of edges: 86848
Average degree:   4.3858

Name: Final_MultiGraph_Vax.gml
Type: MultiGraph
Number of nodes: 39604
Number of edges: 210211
Average degree:  10.6156

------Metis------
Community 0 length: 19802
Community 1 length: 19802
Metis modularity: 0.2916
Metis coverage: 0.9833
execution time: 0.2822
------Metis with sentiment------
Community 0 length: 19454
Community 1 length: 20150
Metis modularity: 0.2929
Metis coverage: 0.9854
execution time: 0.2788
------Metis with consensus------
Community 0 length: 19803
Community 1 length: 19801
Metis modularity: 0.2878
Metis coverage: 0.9847
execution time: 0.2749
-----------Metis Difference-----------
User in same community: 35480
User not in same community: 4124
Modularity increase with sentiment: 0.0012
Coverage increase with sentiment: 0.002


-----------Metis Difference-----------
User in same community: 33989
User not in same community: 5615
Modularity increase with consensus: -0.0038
Coverage increase with consensus: 0.0014


**********
RandomWalk random score for weightComm: 0.9518
RandomWalk random score for sentimentComm: 0.9541
RandomWalk random score for consensusComm: 0.9547
RandomWalk top degree score for weightComm: 0.4804
RandomWalk top degree score for sentimentComm: 0.4858
RandomWalk top degree score for consensusComm: 0.4804
Change side controversy score for weightComm: 0.9845
Change side controversy score for sentimentComm: 0.9852
Change side controversy score for consensusComm: 0.9859
GMCK score for weightComm: 0.2283
GMCK score for sentimentComm: 0.2324
GMCK score for consensusComm: 0.2295

Number of users 52510
Aspect consensus for C0: [0.15258499 0.1551705  0.16773307 0.17670905 0.19217724]
Community consensus for C0: 0.16950081188448715

Aspect consensus for C1: [0.1615937  0.17387276 0.17644876 0.19225583 0.20191826]
Community consensus for C1: 0.18177552971490527

Aspect consensus inter-community: [0.15086528 0.15385176 0.17057827 0.18429861 0.19819758]
Community consensus inter-community: 0.17249689807446433

--- con archi
Number of users 52510
Aspect consensus for C0: [0.15904855 0.1631114  0.17163032 0.19200178 0.20150863]
Community consensus for C0: 0.17822971067119875

Aspect consensus for C1: [0.16362448 0.17253066 0.17594872 0.20044156 0.20201143]
Community consensus for C1: 0.18356643875740328

Aspect consensus inter-community: [0.16296711 0.17082147 0.17498818 0.19803895 0.20502392]
Community consensus inter-community: 0.18309197090063878


Number of users 52510
Aspect consensus for C0: [0.15258499 0.1551705  0.16773307 0.17670905 0.19217724]
Community consensus for C0: 0.16950081188448715

Aspect consensus for C1: [0.1615937  0.17387276 0.17644876 0.19225583 0.20191826]
Community consensus for C1: 0.18177552971490527

Aspect consensus inter-community: [0.15086528 0.15385176 0.17057827 0.18429861 0.19819758]
Community consensus inter-community: 0.17249689807446433

--------------------
RUN TIME: 24/04/2023 - 10:27:42
VAX INFORMATION

Name: Final vax Graph
Type: Graph
Number of nodes: 39604
Number of edges: 86848
Average degree:   4.3858

Name: Final_MultiGraph_Vax.gml
Type: MultiGraph
Number of nodes: 39604
Number of edges: 210211
Average degree:  10.6156

------Metis------
Community 0 length: 19802
Community 1 length: 19802
Metis modularity: 0.2916
Metis coverage: 0.9833
execution time: 0.2854
------Metis with sentiment------
Community 0 length: 19454
Community 1 length: 20150
Metis modularity: 0.2929
Metis coverage: 0.9854
execution time: 0.2999
------Metis with consensus------
Community 0 length: 19803
Community 1 length: 19801
Metis modularity: 0.2878
Metis coverage: 0.9847
execution time: 0.2821
-----------Metis Difference-----------
User in same community: 35480
User not in same community: 4124
Modularity increase with sentiment: 0.0012
Coverage increase with sentiment: 0.002


-----------Metis Difference-----------
User in same community: 33989
User not in same community: 5615
Modularity increase with consensus: -0.0038
Coverage increase with consensus: 0.0014


**********
RandomWalk random score for weightComm: 0.9522
RandomWalk random score for sentimentComm: 0.9547
RandomWalk random score for consensusComm: 0.951
RandomWalk top degree score for weightComm: 0.4846
RandomWalk top degree score for sentimentComm: 0.4824
RandomWalk top degree score for consensusComm: 0.4705
Change side controversy score for weightComm: 0.9847
Change side controversy score for sentimentComm: 0.9866
Change side controversy score for consensusComm: 0.9843
GMCK score for weightComm: 0.2283
GMCK score for sentimentComm: 0.2324
GMCK score for consensusComm: 0.2295
--------------------
RUN TIME: 24/04/2023 - 20:43:10

# TOPOLOGY

Number of users 52510
Aspect consensus for C0: [0.15258499 0.1551705  0.16773307 0.17670905 0.19217724]
Community consensus for C0: 0.16950081188448715

Aspect consensus for C1: [0.1615937  0.17387276 0.17644876 0.19225583 0.20191826]
Community consensus for C1: 0.18177552971490527

Aspect consensus inter-community: [0.15086528 0.15385176 0.17057827 0.18429861 0.19819758]
Community consensus inter-community: 0.17249689807446433

# NO TOPOLOGY

Number of users 52510
Aspect consensus for C0: [0.15904855 0.1631114  0.17163032 0.19200178 0.20150863]
Community consensus for C0: 0.17822971067119875

Aspect consensus for C1: [0.16362448 0.17253066 0.17594872 0.20044156 0.20201143]
Community consensus for C1: 0.18356643875740328

Aspect consensus inter-community: [0.16296711 0.17082147 0.17498818 0.19803895 0.20502392]
Community consensus inter-community: 0.18309197090063878

--------------------
RUN TIME: 25/04/2023 - 12:24:10
--------------------
RUN TIME: 25/04/2023 - 17:30:10

# VADER TOPOLOGY

Number of users 39604
Aspect consensus for C0: [0.25170281]
Community consensus for C0: 0.2517028080784444

Aspect consensus for C1: [0.20669989]
Community consensus for C1: 0.20669988898124478

Aspect consensus inter-community: [0.25819244]
Community consensus inter-community: 0.2581924403362139

# VADER NO TOPOLOGY--------------------
RUN TIME: 26/04/2023 - 16:27:55
VAX INFORMATION

Name: Final vax Graph
Type: Graph
Number of nodes: 39604
Number of edges: 86848
Average degree:   4.3858

Name: Final_MultiGraph_Vax.gml
Type: MultiGraph
Number of nodes: 39604
Number of edges: 210211
Average degree:  10.6156

------Metis------
Community 0 length: 19802
Community 1 length: 19802
Metis modularity: 0.2916
Metis coverage: 0.9833
execution time: 0.2873
------Metis with sentiment------
Community 0 length: 19454
Community 1 length: 20150
Metis modularity: 0.2929
Metis coverage: 0.9854
execution time: 0.3213
------Metis with consensus------
Community 0 length: 19803
Community 1 length: 19801
Metis modularity: 0.2878
Metis coverage: 0.9847
execution time: 0.293
-----------Metis Difference-----------
User in same community: 35480
User not in same community: 4124
Modularity increase with sentiment: 0.0012
Coverage increase with sentiment: 0.002


-----------Metis Difference-----------
User in same community: 33989
User not in same community: 5615
Modularity increase with consensus: -0.0038
Coverage increase with consensus: 0.0014


**********
RandomWalk random score for weightComm: 0.9519
--------------------
RUN TIME: 26/04/2023 - 17:37:01
VAX INFORMATION

Name: Final vax Graph
Type: Graph
Number of nodes: 39604
Number of edges: 86848
Average degree:   4.3858

Name: Final_MultiGraph_Vax.gml
Type: MultiGraph
Number of nodes: 39604
Number of edges: 210211
Average degree:  10.6156

------Metis------
Community 0 length: 19802
Community 1 length: 19802
Metis modularity: 0.2916
Metis coverage: 0.9833
execution time: 0.2827
------Metis with sentiment------
Community 0 length: 19454
Community 1 length: 20150
Metis modularity: 0.2929
Metis coverage: 0.9854
execution time: 0.271
------Metis with consensus------
Community 0 length: 19803
Community 1 length: 19801
Metis modularity: 0.2878
Metis coverage: 0.9847
execution time: 0.2864
-----------Metis Difference-----------
User in same community: 35480
User not in same community: 4124
Modularity increase with sentiment: 0.0012
Coverage increase with sentiment: 0.002


-----------Metis Difference-----------
User in same community: 33989
User not in same community: 5615
Modularity increase with consensus: -0.0038
Coverage increase with consensus: 0.0014


**********
RandomWalk random score for weightComm: 0.9501
RandomWalk random score for sentimentComm: 0.9508
RandomWalk random score for consensusComm: 0.9555
RandomWalk top degree score for weightComm: 0.4853
RandomWalk top degree score for sentimentComm: 0.4789
RandomWalk top degree score for consensusComm: 0.4712
Change side controversy score for weightComm: 0.9848
--------------------
RUN TIME: 26/04/2023 - 18:01:21
VAX INFORMATION

Name: Final vax Graph
Type: Graph
Number of nodes: 39604
Number of edges: 86848
Average degree:   4.3858

Name: Final_MultiGraph_Vax.gml
Type: MultiGraph
Number of nodes: 39604
Number of edges: 210211
Average degree:  10.6156

------Metis------
Community 0 length: 19802
Community 1 length: 19802
Metis modularity: 0.2916
Metis coverage: 0.9833
execution time: 0.2967
------Metis with sentiment------
Community 0 length: 19454
Community 1 length: 20150
Metis modularity: 0.2929
Metis coverage: 0.9854
execution time: 0.3332
------Metis with consensus------
Community 0 length: 19803
Community 1 length: 19801
Metis modularity: 0.2878
Metis coverage: 0.9847
execution time: 0.2998
-----------Metis Difference-----------
User in same community: 35480
User not in same community: 4124
Modularity increase with sentiment: 0.0012
Coverage increase with sentiment: 0.002


-----------Metis Difference-----------
User in same community: 33989
User not in same community: 5615
Modularity increase with consensus: -0.0038
Coverage increase with consensus: 0.0014


**********
RandomWalk random score for weightComm: 0.9529
RandomWalk random score for sentimentComm: 0.9512
RandomWalk random score for consensusComm: 0.9526
RandomWalk top degree score for weightComm: 0.4749
RandomWalk top degree score for sentimentComm: 0.4824
RandomWalk top degree score for consensusComm: 0.4715
Change side controversy score for weightComm: 0.9842
Change side controversy score for sentimentComm: 0.9857
Change side controversy score for consensusComm: 0.9852
GMCK score for weightComm: 0.2283
GMCK score for sentimentComm: 0.2324
GMCK score for consensusComm: 0.2295

Number of users 52018
Aspect consensus for C0: [0.26481664 0.36313167 0.26354606 0.39453305 0.35867831]
Community consensus for C0: 0.33339329483929137

Aspect consensus for C1: [0.22963991 0.33887682 0.24696433 0.36213746 0.32675279]
Community consensus for C1: 0.305442071882401

Aspect consensus inter-community: [0.2439086  0.35182006 0.2486238  0.37703104 0.34362992]
Community consensus inter-community: 0.3179045405214334


Number of users 52018
Aspect consensus for C0: [0.23844707 0.34040515 0.25080797 0.38388368 0.34320917]
Community consensus for C0: 0.3164795482855375

Aspect consensus for C1: [0.23337539 0.33111062 0.24780113 0.36389124 0.32198488]
Community consensus for C1: 0.30384035531556297

Aspect consensus inter-community: [0.23808561 0.34158676 0.2506669  0.38000973 0.33781736]
Community consensus inter-community: 0.31455623737658084

